<def f='include/c++/11/bits/stl_map.h' l='100' ll='1413'/>
<use f='include/c++/11/bits/stl_map.h' l='132'/>
<use f='include/c++/11/bits/stl_map.h' l='642' c='_ZNSt3map5mergeERSt3mapIT_T0_TL0__T2_E'/>
<use f='include/c++/11/bits/stl_map.h' l='650' c='_ZNSt3map5mergeEOSt3mapIT_T0_TL0__T2_E'/>
<use f='include/c++/11/bits/stl_map.h' l='1399' c='_ZSteqRKSt3mapITL0__TL0_0_TL0_1_TL0_2_ES6_'/>
<use f='include/c++/11/bits/stl_map.h' l='1400' c='_ZSteqRKSt3mapITL0__TL0_0_TL0_1_TL0_2_ES6_'/>
<use f='include/c++/11/bits/stl_map.h' l='1405' c='_ZStssRKSt3mapITL0__TL0_0_TL0_1_TL0_2_ES6_'/>
<use f='include/c++/11/bits/stl_map.h' l='1406' c='_ZStssRKSt3mapITL0__TL0_0_TL0_1_TL0_2_ES6_'/>
<use f='include/c++/11/bits/stl_map.h' l='1426' c='std::{deductionguideformap}'/>
<use f='include/c++/11/bits/stl_map.h' l='1435' c='std::{deductionguideformap}'/>
<use f='include/c++/11/bits/stl_map.h' l='1441' c='std::{deductionguideformap}'/>
<use f='include/c++/11/bits/stl_map.h' l='1447' c='std::{deductionguideformap}'/>
<use f='include/c++/11/bits/stl_map.h' l='1463' c='_ZSteqRKSt3mapIT_T0_T1_T2_ES6_'/>
<use f='include/c++/11/bits/stl_map.h' l='1464' c='_ZSteqRKSt3mapIT_T0_T1_T2_ES6_'/>
<use f='include/c++/11/bits/stl_map.h' l='1484' c='_ZStssRKSt3mapIT_T0_T1_T2_ES6_'/>
<use f='include/c++/11/bits/stl_map.h' l='1485' c='_ZStssRKSt3mapIT_T0_T1_T2_ES6_'/>
<use f='include/c++/11/bits/stl_map.h' l='1537' c='_ZSt4swapRSt3mapIT_T0_T1_T2_ES5_'/>
<use f='include/c++/11/bits/stl_map.h' l='1538' c='_ZSt4swapRSt3mapIT_T0_T1_T2_ES5_'/>
<use f='include/c++/11/bits/stl_map.h' l='1549'/>
<use f='include/c++/11/bits/stl_map.h' l='1553'/>
<use f='include/c++/11/bits/stl_map.h' l='1556' c='_ZNSt21_Rb_tree_merge_helperISt3mapIT_T0_T1_T2_ET3_E11_S_get_treeERS0_IS1_S2_S6_S4_E'/>
<use f='include/c++/11/bits/stl_multimap.h' l='671' c='_ZNSt8multimap5mergeERSt3mapIT_T0_TL0__T2_E'/>
<use f='include/c++/11/bits/stl_multimap.h' l='679' c='_ZNSt8multimap5mergeEOSt3mapIT_T0_TL0__T2_E'/>
<use f='include/c++/11/bits/stl_multimap.h' l='1221' c='_ZNSt21_Rb_tree_merge_helperISt8multimapIT_T0_T1_T2_ET3_E11_S_get_treeERSt3mapIS1_S2_S6_S4_E'/>
<use f='include/c++/11/map' l='79'/>
<use f='include/c++/11/map' l='96' c='_ZSt8erase_ifRSt3mapIT_T0_T1_T2_ET3_'/>
<use f='include/c++/11/map' l='97' c='_ZSt8erase_ifRSt3mapIT_T0_T1_T2_ET3_'/>
<use f='Modules/Image/Contrib/OpenEXR/include/OpenEXR/ImfHeader.h' l='234'/>
<mbr r='std::map::_M_t' t='std::map::_Rep_type'/>
<fun r='_ZNSt3mapC1Ev'/>
<fun r='_ZNSt3mapC1ERKT1_RKT2_'/>
<fun r='_ZNSt3mapC1ERKSt3mapIT_T0_T1_T2_E'/>
<fun r='_ZNSt3mapC1EOSt3mapIT_T0_T1_T2_E'/>
<fun r='_ZNSt3mapC1ESt16initializer_listISt4pairIKT_T0_EERKT1_RKT2_'/>
<fun r='_ZNSt3mapC1ERKT2_'/>
<fun r='_ZNSt3mapC1ERKSt3mapIT_T0_T1_T2_ERKS4_'/>
<fun r='_ZNSt3mapC1EOSt3mapIT_T0_T1_T2_ERKS4_'/>
<fun r='_ZNSt3mapC1ESt16initializer_listISt4pairIKT_T0_EERKT2_'/>
<fun r='_ZNSt3mapC1ETL0__S0_RKT2_'/>
<fun r='_ZNSt3mapC1ETL0__S0_'/>
<fun r='_ZNSt3mapC1ETL0__S0_RKT1_RKT2_'/>
<fun r='_ZNSt3mapD1Ev'/>
<fun r='_ZNSt3mapaSERKSt3mapIT_T0_T1_T2_E'/>
<fun r='_ZNSt3mapaSEOSt3mapIT_T0_T1_T2_E'/>
<fun r='_ZNSt3mapaSESt16initializer_listISt4pairIKT_T0_EE'/>
<fun r='_ZNKSt3map13get_allocatorEv'/>
<fun r='_ZNSt3map5beginEv'/>
<fun r='_ZNKSt3map5beginEv'/>
<fun r='_ZNSt3map3endEv'/>
<fun r='_ZNKSt3map3endEv'/>
<fun r='_ZNSt3map6rbeginEv'/>
<fun r='_ZNKSt3map6rbeginEv'/>
<fun r='_ZNSt3map4rendEv'/>
<fun r='_ZNKSt3map4rendEv'/>
<fun r='_ZNKSt3map6cbeginEv'/>
<fun r='_ZNKSt3map4cendEv'/>
<fun r='_ZNKSt3map7crbeginEv'/>
<fun r='_ZNKSt3map5crendEv'/>
<fun r='_ZNKSt3map5emptyEv'/>
<fun r='_ZNKSt3map4sizeEv'/>
<fun r='_ZNKSt3map8max_sizeEv'/>
<fun r='_ZNSt3mapixERKT_'/>
<fun r='_ZNSt3mapixEOT_'/>
<fun r='_ZNSt3map2atERKT_'/>
<fun r='_ZNKSt3map2atERKT_'/>
<fun r='_ZNSt3map7emplaceEDpOTL0__'/>
<fun r='_ZNSt3map12emplace_hintENSt8_Rb_treeIT_St4pairIKS1_T0_ESt10_Select1stIS5_ET1_N9__gnu_cxx14__alloc_traitsIT2_NSB_10value_typeEE6rebindIS5_E5otherEE14co4045802'/>
<fun r='_ZNSt3map7extractENSt8_Rb_treeIT_St4pairIKS1_T0_ESt10_Select1stIS5_ET1_N9__gnu_cxx14__alloc_traitsIT2_NSB_10value_typeEE6rebindIS5_E5otherEE14const_iteratorE'/>
<fun r='_ZNSt3map7extractERKT_'/>
<fun r='_ZNSt3map6insertEONSt8_Rb_treeIT_St4pairIKS1_T0_ESt10_Select1stIS5_ET1_N9__gnu_cxx14__alloc_traitsIT2_NSB_10value_typeEE6rebindIS5_E5otherEE9node_typeE'/>
<fun r='_ZNSt3map6insertENSt8_Rb_treeIT_St4pairIKS1_T0_ESt10_Select1stIS5_ET1_N9__gnu_cxx14__alloc_traitsIT2_NSB_10value_typeEE6rebindIS5_E5otherEE14const_ite1794288'/>
<fun r='_ZNSt3map5mergeERSt3mapIT_T0_TL0__T2_E'/>
<fun r='_ZNSt3map5mergeEOSt3mapIT_T0_TL0__T2_E'/>
<fun r='_ZNSt3map5mergeERSt8multimapIT_T0_TL0__T2_E'/>
<fun r='_ZNSt3map5mergeEOSt8multimapIT_T0_TL0__T2_E'/>
<fun r='_ZNSt3map11try_emplaceERKT_DpOTL0__'/>
<fun r='_ZNSt3map11try_emplaceEOT_DpOTL0__'/>
<fun r='_ZNSt3map11try_emplaceENSt8_Rb_treeIT_St4pairIKS1_T0_ESt10_Select1stIS5_ET1_N9__gnu_cxx14__alloc_traitsIT2_NSB_10value_typeEE6rebindIS5_E5otherEE14con9785190'/>
<fun r='_ZNSt3map11try_emplaceENSt8_Rb_treeIT_St4pairIKS1_T0_ESt10_Select1stIS5_ET1_N9__gnu_cxx14__alloc_traitsIT2_NSB_10value_typeEE6rebindIS5_E5otherEE14con8886010'/>
<fun r='_ZNSt3map6insertERKSt4pairIKT_T0_E'/>
<fun r='_ZNSt3map6insertEOSt4pairIKT_T0_E'/>
<fun r='_ZNSt3map6insertEOTL0__'/>
<fun r='_ZNSt3map6insertESt16initializer_listISt4pairIKT_T0_EE'/>
<fun r='_ZNSt3map6insertENSt8_Rb_treeIT_St4pairIKS1_T0_ESt10_Select1stIS5_ET1_N9__gnu_cxx14__alloc_traitsIT2_NSB_10value_typeEE6rebindIS5_E5otherEE14const_iteratorERKS5_'/>
<fun r='_ZNSt3map6insertENSt8_Rb_treeIT_St4pairIKS1_T0_ESt10_Select1stIS5_ET1_N9__gnu_cxx14__alloc_traitsIT2_NSB_10value_typeEE6rebindIS5_E5otherEE14const_iteratorEOS5_'/>
<fun r='_ZNSt3map6insertENSt8_Rb_treeIT_St4pairIKS1_T0_ESt10_Select1stIS5_ET1_N9__gnu_cxx14__alloc_traitsIT2_NSB_10value_typeEE6rebindIS5_E5otherEE14const_iteratorEOTL0__'/>
<fun r='_ZNSt3map6insertETL0__S0_'/>
<fun r='_ZNSt3map16insert_or_assignERKT_OTL0__'/>
<fun r='_ZNSt3map16insert_or_assignEOT_OTL0__'/>
<fun r='_ZNSt3map16insert_or_assignENSt8_Rb_treeIT_St4pairIKS1_T0_ESt10_Select1stIS5_ET1_N9__gnu_cxx14__alloc_traitsIT2_NSB_10value_typeEE6rebindIS5_E5otherEE9890757'/>
<fun r='_ZNSt3map16insert_or_assignENSt8_Rb_treeIT_St4pairIKS1_T0_ESt10_Select1stIS5_ET1_N9__gnu_cxx14__alloc_traitsIT2_NSB_10value_typeEE6rebindIS5_E5otherEE3266545'/>
<fun r='_ZNSt3map5eraseENSt8_Rb_treeIT_St4pairIKS1_T0_ESt10_Select1stIS5_ET1_N9__gnu_cxx14__alloc_traitsIT2_NSB_10value_typeEE6rebindIS5_E5otherEE14const_iteratorE'/>
<fun r='_ZNSt3map5eraseB5cxx11ENSt8_Rb_treeIT_St4pairIKS1_T0_ESt10_Select1stIS5_ET1_N9__gnu_cxx14__alloc_traitsIT2_NSB_10value_typeEE6rebindIS5_E5otherEE8iteratorE'/>
<fun r='_ZNSt3map5eraseERKT_'/>
<fun r='_ZNSt3map5eraseENSt8_Rb_treeIT_St4pairIKS1_T0_ESt10_Select1stIS5_ET1_N9__gnu_cxx14__alloc_traitsIT2_NSB_10value_typeEE6rebindIS5_E5otherEE14const_iteratorESI_'/>
<fun r='_ZNSt3map4swapERSt3mapIT_T0_T1_T2_E'/>
<fun r='_ZNSt3map5clearEv'/>
<fun r='_ZNKSt3map8key_compEv'/>
<fun r='_ZNKSt3map10value_compEv'/>
<fun r='_ZNSt3map4findERKT_'/>
<fun r='_ZNSt3map4findERKTL0__'/>
<fun r='_ZNKSt3map4findERKT_'/>
<fun r='_ZNKSt3map4findERKTL0__'/>
<fun r='_ZNKSt3map5countERKT_'/>
<fun r='_ZNKSt3map5countERKTL0__'/>
<fun r='_ZNKSt3map8containsERKT_'/>
<fun r='_ZNKSt3map8containsERKTL0__'/>
<fun r='_ZNSt3map11lower_boundERKT_'/>
<fun r='_ZNSt3map11lower_boundERKTL0__'/>
<fun r='_ZNKSt3map11lower_boundERKT_'/>
<fun r='_ZNKSt3map11lower_boundERKTL0__'/>
<fun r='_ZNSt3map11upper_boundERKT_'/>
<fun r='_ZNSt3map11upper_boundERKTL0__'/>
<fun r='_ZNKSt3map11upper_boundERKT_'/>
<fun r='_ZNKSt3map11upper_boundERKTL0__'/>
<fun r='_ZNSt3map11equal_rangeERKT_'/>
<fun r='_ZNSt3map11equal_rangeERKTL0__'/>
<fun r='_ZNKSt3map11equal_rangeERKT_'/>
<fun r='_ZNKSt3map11equal_rangeERKTL0__'/>
